{
    "Should handle tool-specific predictions": {
        "content": [
            {
                "0": [
                    [
                        {
                            "id": "tool_specific_test",
                            "single_end": true,
                            "tool": "nanoplot"
                        },
                        "tool_specific_test_resource_predictions.json:md5,51405a17287bbf9582cda3a5d483910d"
                    ]
                ],
                "1": [
                    "versions.yml:md5,9db2ac03ebb72925a9f2ab4b374276e0"
                ],
                "predictions": [
                    [
                        {
                            "id": "tool_specific_test",
                            "single_end": true,
                            "tool": "nanoplot"
                        },
                        "tool_specific_test_resource_predictions.json:md5,51405a17287bbf9582cda3a5d483910d"
                    ]
                ],
                "versions": [
                    "versions.yml:md5,9db2ac03ebb72925a9f2ab4b374276e0"
                ]
            }
        ],
        "meta": {
            "nf-test": "0.9.3",
            "nextflow": "25.10.3"
        },
        "timestamp": "2026-02-01T14:24:16.39931"
    },
    "Should predict resources with ML model": {
        "content": [
            {
                "0": [
                    [
                        {
                            "id": "ml_prediction_test",
                            "single_end": true,
                            "tool": "fastp"
                        },
                        "ml_prediction_test_resource_predictions.json:md5,a504b07eed6072b38ead9b87b73dc548"
                    ]
                ],
                "1": [
                    "versions.yml:md5,9db2ac03ebb72925a9f2ab4b374276e0"
                ],
                "predictions": [
                    [
                        {
                            "id": "ml_prediction_test",
                            "single_end": true,
                            "tool": "fastp"
                        },
                        "ml_prediction_test_resource_predictions.json:md5,a504b07eed6072b38ead9b87b73dc548"
                    ]
                ],
                "versions": [
                    "versions.yml:md5,9db2ac03ebb72925a9f2ab4b374276e0"
                ]
            }
        ],
        "meta": {
            "nf-test": "0.9.3",
            "nextflow": "25.10.3"
        },
        "timestamp": "2026-02-01T14:24:11.874288"
    },
    "Should handle prediction confidence thresholds": {
        "content": [
            {
                "0": [
                    [
                        {
                            "id": "confidence_test",
                            "single_end": true
                        },
                        "confidence_test_resource_predictions.json:md5,73b705b43038f1f93bc5ddf6d8c858e3"
                    ]
                ],
                "1": [
                    "versions.yml:md5,9db2ac03ebb72925a9f2ab4b374276e0"
                ],
                "predictions": [
                    [
                        {
                            "id": "confidence_test",
                            "single_end": true
                        },
                        "confidence_test_resource_predictions.json:md5,73b705b43038f1f93bc5ddf6d8c858e3"
                    ]
                ],
                "versions": [
                    "versions.yml:md5,9db2ac03ebb72925a9f2ab4b374276e0"
                ]
            }
        ],
        "meta": {
            "nf-test": "0.9.3",
            "nextflow": "25.10.3"
        },
        "timestamp": "2026-02-01T14:24:21.012324"
    },
    "Should predict resource requirements from input characteristics": {
        "content": [
            {
                "0": [
                    [
                        {
                            "id": "test_prediction",
                            "single_end": true
                        },
                        "test_prediction_resource_predictions.json:md5,393c1d94d0331f546e69fada54ddef04"
                    ]
                ],
                "1": [
                    "versions.yml:md5,9db2ac03ebb72925a9f2ab4b374276e0"
                ],
                "predictions": [
                    [
                        {
                            "id": "test_prediction",
                            "single_end": true
                        },
                        "test_prediction_resource_predictions.json:md5,393c1d94d0331f546e69fada54ddef04"
                    ]
                ],
                "versions": [
                    "versions.yml:md5,9db2ac03ebb72925a9f2ab4b374276e0"
                ]
            }
        ],
        "meta": {
            "nf-test": "0.9.3",
            "nextflow": "25.10.3"
        },
        "timestamp": "2026-02-01T14:24:07.320224"
    },
    "Should handle edge cases and fallbacks": {
        "content": [
            {
                "0": [
                    [
                        {
                            "id": "edge_case_test",
                            "single_end": true
                        },
                        "edge_case_test_resource_predictions.json:md5,1065e02c0afac7fa9dac0a21bab79745"
                    ]
                ],
                "1": [
                    "versions.yml:md5,9db2ac03ebb72925a9f2ab4b374276e0"
                ],
                "predictions": [
                    [
                        {
                            "id": "edge_case_test",
                            "single_end": true
                        },
                        "edge_case_test_resource_predictions.json:md5,1065e02c0afac7fa9dac0a21bab79745"
                    ]
                ],
                "versions": [
                    "versions.yml:md5,9db2ac03ebb72925a9f2ab4b374276e0"
                ]
            }
        ],
        "meta": {
            "nf-test": "0.9.3",
            "nextflow": "25.10.3"
        },
        "timestamp": "2026-02-01T14:24:25.500459"
    }
}