{
    "generate report from 3 batches - stub": {
        "content": [
            [
                [
                    {
                        "id": "sample2"
                    },
                    "sample2.cumulative.kraken2.report.txt:md5,d41d8cd98f00b204e9800998ecf8427e"
                ]
            ],
            [
                [
                    {
                        "id": "sample2"
                    },
                    "report_stats.json:md5,e20644badb75f7c606755560216b6f9f"
                ]
            ],
            [
                "versions.yml:md5,031df40bdbc5b57992a15927efaac92c"
            ]
        ],
        "meta": {
            "nf-test": "0.9.2",
            "nextflow": "25.04.7"
        },
        "timestamp": "2025-10-20T16:57:07.818879"
    },
    "generate report from 2 batches - stub": {
        "content": [
            {
                "0": [
                    [
                        {
                            "id": "sample1"
                        },
                        "sample1.cumulative.kraken2.report.txt:md5,d41d8cd98f00b204e9800998ecf8427e"
                    ]
                ],
                "1": [
                    [
                        {
                            "id": "sample1"
                        },
                        "report_stats.json:md5,018398f17757797c43306de66b2721fd"
                    ]
                ],
                "2": [
                    "versions.yml:md5,031df40bdbc5b57992a15927efaac92c"
                ],
                "report": [
                    [
                        {
                            "id": "sample1"
                        },
                        "sample1.cumulative.kraken2.report.txt:md5,d41d8cd98f00b204e9800998ecf8427e"
                    ]
                ],
                "stats": [
                    [
                        {
                            "id": "sample1"
                        },
                        "report_stats.json:md5,018398f17757797c43306de66b2721fd"
                    ]
                ],
                "versions": [
                    "versions.yml:md5,031df40bdbc5b57992a15927efaac92c"
                ]
            }
        ],
        "meta": {
            "nf-test": "0.9.2",
            "nextflow": "25.04.7"
        },
        "timestamp": "2025-10-20T16:57:02.699288"
    }
}