{
    "Should produce blastn output for gzipped input in stub mode": {
        "content": [
            {
                "0": [
                    [
                        {
                            "id": "test"
                        },
                        "test.txt:md5,d41d8cd98f00b204e9800998ecf8427e"
                    ]
                ],
                "1": [
                    "versions.yml:md5,5fae2a97fa9820b65ba4ffc8415909bf"
                ],
                "txt": [
                    [
                        {
                            "id": "test"
                        },
                        "test.txt:md5,d41d8cd98f00b204e9800998ecf8427e"
                    ]
                ],
                "versions": [
                    "versions.yml:md5,5fae2a97fa9820b65ba4ffc8415909bf"
                ]
            }
        ],
        "timestamp": "2026-03-23T22:35:46.189925",
        "meta": {
            "nf-test": "0.9.4",
            "nextflow": "25.10.4"
        }
    },
    "Should produce blastn output in stub mode": {
        "content": [
            {
                "0": [
                    [
                        {
                            "id": "test"
                        },
                        "test.txt:md5,d41d8cd98f00b204e9800998ecf8427e"
                    ]
                ],
                "1": [
                    "versions.yml:md5,5fae2a97fa9820b65ba4ffc8415909bf"
                ],
                "txt": [
                    [
                        {
                            "id": "test"
                        },
                        "test.txt:md5,d41d8cd98f00b204e9800998ecf8427e"
                    ]
                ],
                "versions": [
                    "versions.yml:md5,5fae2a97fa9820b65ba4ffc8415909bf"
                ]
            }
        ],
        "timestamp": "2026-03-23T22:35:39.972397",
        "meta": {
            "nf-test": "0.9.4",
            "nextflow": "25.10.4"
        }
    }
}