{
    "chopper without reference - stub": {
        "content": [
            {
                "0": [
                    [
                        {
                            "id": "test_out"
                        },
                        "test_out.chopped.fastq.gz:md5,68b329da9893e34099c7d8ad5cb9c940"
                    ]
                ],
                "1": [
                    "versions.yml:md5,ccc0f345849cc9f26fde8d2024cd1cd2"
                ],
                "fastq": [
                    [
                        {
                            "id": "test_out"
                        },
                        "test_out.chopped.fastq.gz:md5,68b329da9893e34099c7d8ad5cb9c940"
                    ]
                ],
                "versions": [
                    "versions.yml:md5,ccc0f345849cc9f26fde8d2024cd1cd2"
                ]
            }
        ],
        "timestamp": "2026-03-23T22:37:35.364878",
        "meta": {
            "nf-test": "0.9.4",
            "nextflow": "25.10.4"
        }
    },
    "chopper with reference - stub": {
        "content": [
            {
                "0": [
                    [
                        {
                            "id": "test_out"
                        },
                        "test_out.chopped.fastq.gz:md5,68b329da9893e34099c7d8ad5cb9c940"
                    ]
                ],
                "1": [
                    "versions.yml:md5,ccc0f345849cc9f26fde8d2024cd1cd2"
                ],
                "fastq": [
                    [
                        {
                            "id": "test_out"
                        },
                        "test_out.chopped.fastq.gz:md5,68b329da9893e34099c7d8ad5cb9c940"
                    ]
                ],
                "versions": [
                    "versions.yml:md5,ccc0f345849cc9f26fde8d2024cd1cd2"
                ]
            }
        ],
        "timestamp": "2026-03-23T22:37:29.921688",
        "meta": {
            "nf-test": "0.9.4",
            "nextflow": "25.10.4"
        }
    }
}