{
    "chopper without reference - stub": {
        "content": [
            {
                "versions_chopper": [
                    [
                        "CHOPPER",
                        "chopper",
                        "0.12.0"
                    ]
                ]
            }
        ],
        "timestamp": "2026-04-27T20:39:50.73558",
        "meta": {
            "nf-test": "0.9.5",
            "nextflow": "25.04.7"
        }
    },
    "chopper with reference - stub": {
        "content": [
            {
                "versions_chopper": [
                    [
                        "CHOPPER",
                        "chopper",
                        "0.12.0"
                    ]
                ]
            }
        ],
        "timestamp": "2026-04-27T20:39:26.568828",
        "meta": {
            "nf-test": "0.9.5",
            "nextflow": "25.04.7"
        }
    }
}