{
    "versions_summary": {
        "content": [
            [
                "versions.yml:md5,cc8e9c3b7e5401d49168930bc0586472"
            ]
        ],
        "timestamp": "2026-02-03T10:09:03.361982",
        "meta": {
            "nf-test": "0.9.3",
            "nextflow": "25.10.3"
        }
    },
    "versions": {
        "content": [
            [
                "versions.yml:md5,cc8e9c3b7e5401d49168930bc0586472"
            ]
        ],
        "timestamp": "2026-02-03T10:08:49.272461",
        "meta": {
            "nf-test": "0.9.3",
            "nextflow": "25.10.3"
        }
    },
    "versions_null": {
        "content": [
            [
                "versions.yml:md5,cc8e9c3b7e5401d49168930bc0586472"
            ]
        ],
        "timestamp": "2026-02-03T10:08:58.327341",
        "meta": {
            "nf-test": "0.9.3",
            "nextflow": "25.10.3"
        }
    },
    "versions_paired": {
        "content": [
            [
                "versions.yml:md5,cc8e9c3b7e5401d49168930bc0586472"
            ]
        ],
        "timestamp": "2026-02-03T10:09:07.8361",
        "meta": {
            "nf-test": "0.9.3",
            "nextflow": "25.10.3"
        }
    },
    "versions_default": {
        "content": [
            [
                "versions.yml:md5,cc8e9c3b7e5401d49168930bc0586472"
            ]
        ],
        "timestamp": "2026-02-03T10:08:53.972253",
        "meta": {
            "nf-test": "0.9.3",
            "nextflow": "25.10.3"
        }
    }
}