{
    "Should monitor with GPU detection": {
        "content": [
            {
                "0": [
                    "system_metrics.json:md5,fdeb59160a49d36ade4147dc1f3e4b15"
                ],
                "1": [
                    "resource_limits.json:md5,30d25b700d8e30030eb25dc57003bcae"
                ],
                "2": [
                    "versions.yml:md5,7fca90c7f9510858e7546ff9170e6037"
                ],
                "resource_limits": [
                    "resource_limits.json:md5,30d25b700d8e30030eb25dc57003bcae"
                ],
                "system_metrics": [
                    "system_metrics.json:md5,fdeb59160a49d36ade4147dc1f3e4b15"
                ],
                "versions": [
                    "versions.yml:md5,7fca90c7f9510858e7546ff9170e6037"
                ]
            }
        ],
        "meta": {
            "nf-test": "0.9.3",
            "nextflow": "25.10.3"
        },
        "timestamp": "2026-02-01T14:22:13.583585"
    },
    "Should monitor with network stats": {
        "content": [
            {
                "0": [
                    "system_metrics.json:md5,fdeb59160a49d36ade4147dc1f3e4b15"
                ],
                "1": [
                    "resource_limits.json:md5,30d25b700d8e30030eb25dc57003bcae"
                ],
                "2": [
                    "versions.yml:md5,7fca90c7f9510858e7546ff9170e6037"
                ],
                "resource_limits": [
                    "resource_limits.json:md5,30d25b700d8e30030eb25dc57003bcae"
                ],
                "system_metrics": [
                    "system_metrics.json:md5,fdeb59160a49d36ade4147dc1f3e4b15"
                ],
                "versions": [
                    "versions.yml:md5,7fca90c7f9510858e7546ff9170e6037"
                ]
            }
        ],
        "meta": {
            "nf-test": "0.9.3",
            "nextflow": "25.10.3"
        },
        "timestamp": "2026-02-01T14:22:17.991313"
    },
    "Should monitor basic system resources": {
        "content": [
            {
                "0": [
                    "system_metrics.json:md5,fdeb59160a49d36ade4147dc1f3e4b15"
                ],
                "1": [
                    "resource_limits.json:md5,30d25b700d8e30030eb25dc57003bcae"
                ],
                "2": [
                    "versions.yml:md5,7fca90c7f9510858e7546ff9170e6037"
                ],
                "resource_limits": [
                    "resource_limits.json:md5,30d25b700d8e30030eb25dc57003bcae"
                ],
                "system_metrics": [
                    "system_metrics.json:md5,fdeb59160a49d36ade4147dc1f3e4b15"
                ],
                "versions": [
                    "versions.yml:md5,7fca90c7f9510858e7546ff9170e6037"
                ]
            }
        ],
        "meta": {
            "nf-test": "0.9.3",
            "nextflow": "25.10.3"
        },
        "timestamp": "2026-02-01T14:22:08.956344"
    }
}