{
    "Should handle multiple classification formats": {
        "content": [
            [
                "versions.yml:md5,1ff71baa7b75ae556d2bbb257164a2dc"
            ]
        ],
        "timestamp": "2026-05-08T23:38:04.199567",
        "meta": {
            "nf-test": "0.9.5",
            "nextflow": "25.10.4"
        }
    },
    "Should process multiple samples in batch": {
        "content": [
            [
                "versions.yml:md5,1ff71baa7b75ae556d2bbb257164a2dc",
                "versions.yml:md5,1ff71baa7b75ae556d2bbb257164a2dc",
                "versions.yml:md5,1ff71baa7b75ae556d2bbb257164a2dc"
            ]
        ],
        "timestamp": "2026-05-08T23:39:00.476431",
        "meta": {
            "nf-test": "0.9.5",
            "nextflow": "25.10.4"
        }
    },
    "Should perform basic Kraken2 taxonomic classification": {
        "content": [
            [
                "versions.yml:md5,1ff71baa7b75ae556d2bbb257164a2dc"
            ]
        ],
        "timestamp": "2026-05-08T23:37:08.351096",
        "meta": {
            "nf-test": "0.9.5",
            "nextflow": "25.10.4"
        }
    },
    "Should support different Kraken2 database types": {
        "content": [
            [
                "versions.yml:md5,1ff71baa7b75ae556d2bbb257164a2dc"
            ]
        ],
        "timestamp": "2026-05-08T23:43:00.820389",
        "meta": {
            "nf-test": "0.9.5",
            "nextflow": "25.10.4"
        }
    },
    "Should handle classification confidence thresholds": {
        "content": [
            [
                "versions.yml:md5,1ff71baa7b75ae556d2bbb257164a2dc"
            ]
        ],
        "timestamp": "2026-05-08T23:39:57.130639",
        "meta": {
            "nf-test": "0.9.5",
            "nextflow": "25.10.4"
        }
    },
    "Should handle empty input gracefully": {
        "content": [
            [
                
            ]
        ],
        "timestamp": "2026-05-08T23:41:29.092513",
        "meta": {
            "nf-test": "0.9.5",
            "nextflow": "25.10.4"
        }
    },
    "Should standardize output with Taxpasta": {
        "content": [
            [
                "versions.yml:md5,1ff71baa7b75ae556d2bbb257164a2dc"
            ]
        ],
        "timestamp": "2026-05-08T23:41:23.3096",
        "meta": {
            "nf-test": "0.9.5",
            "nextflow": "25.10.4"
        }
    }
}