{
    "Should handle FastQC analysis for general quality assessment": {
        "content": [
            [
                "versions.yml:md5,289c30c0c8f1d0b00532329504572f16",
                "versions.yml:md5,b20891e5d879f88cd6f63e9573d45c31"
            ]
        ],
        "timestamp": "2025-10-14T20:29:16.585064",
        "meta": {
            "nf-test": "0.9.2",
            "nextflow": "25.04.7"
        }
    },
    "Should handle quality-based filtering with custom thresholds": {
        "content": [
            [
                "versions.yml:md5,289c30c0c8f1d0b00532329504572f16",
                "versions.yml:md5,b20891e5d879f88cd6f63e9573d45c31"
            ]
        ],
        "timestamp": "2025-10-14T20:29:07.346736",
        "meta": {
            "nf-test": "0.9.2",
            "nextflow": "25.04.7"
        }
    },
    "Should perform comprehensive nanopore QC with multiple tools": {
        "content": [
            [
                "versions.yml:md5,289c30c0c8f1d0b00532329504572f16",
                "versions.yml:md5,b20891e5d879f88cd6f63e9573d45c31"
            ]
        ],
        "timestamp": "2025-10-14T20:28:35.962374",
        "meta": {
            "nf-test": "0.9.2",
            "nextflow": "25.04.7"
        }
    },
    "Should perform basic FASTP quality control": {
        "content": [
            [
                "versions.yml:md5,289c30c0c8f1d0b00532329504572f16",
                "versions.yml:md5,b20891e5d879f88cd6f63e9573d45c31"
            ]
        ],
        "timestamp": "2025-10-14T20:19:56.74021",
        "meta": {
            "nf-test": "0.9.2",
            "nextflow": "25.04.7"
        }
    },
    "Should run minimal QC with skip options": {
        "content": [
            [
                "versions.yml:md5,289c30c0c8f1d0b00532329504572f16",
                "versions.yml:md5,b20891e5d879f88cd6f63e9573d45c31"
            ]
        ],
        "timestamp": "2025-10-14T20:29:27.84905",
        "meta": {
            "nf-test": "0.9.2",
            "nextflow": "25.04.7"
        }
    },
    "Should handle multiple samples in batch processing": {
        "content": [
            [
                "versions.yml:md5,b20891e5d879f88cd6f63e9573d45c31",
                "versions.yml:md5,b20891e5d879f88cd6f63e9573d45c31",
                "versions.yml:md5,b20891e5d879f88cd6f63e9573d45c31",
                "versions.yml:md5,fd2d6a3dc80b87d778f7dbd3feaf60dd",
                "versions.yml:md5,fd2d6a3dc80b87d778f7dbd3feaf60dd",
                "versions.yml:md5,fd2d6a3dc80b87d778f7dbd3feaf60dd"
            ]
        ],
        "timestamp": "2026-04-25T17:39:12.196214",
        "meta": {
            "nf-test": "0.9.4",
            "nextflow": "25.10.4"
        }
    },
    "Should generate comprehensive nanopore statistics": {
        "content": [
            [
                "versions.yml:md5,289c30c0c8f1d0b00532329504572f16",
                "versions.yml:md5,4b09a5850cd4835ff7d59439ce0bd812",
                "versions.yml:md5,fc9c37561b82c26a4f7126eff84900de"
            ]
        ],
        "timestamp": "2026-03-24T05:33:54.308932",
        "meta": {
            "nf-test": "0.9.4",
            "nextflow": "25.10.4"
        }
    },
    "Should perform adapter trimming with PORECHOP": {
        "content": [
            [
                "versions.yml:md5,289c30c0c8f1d0b00532329504572f16",
                "versions.yml:md5,b20891e5d879f88cd6f63e9573d45c31"
            ]
        ],
        "timestamp": "2025-10-14T20:28:47.654786",
        "meta": {
            "nf-test": "0.9.2",
            "nextflow": "25.04.7"
        }
    }
}