{
    "Should handle Apple Silicon GPU optimization": {
        "content": [
            {
                "0": [
                    [
                        {
                            "id": "apple_gpu_test",
                            "single_end": true
                        },
                        "apple_gpu_test_optimal_allocation.json:md5,aa1715f097665eb36cfb391efa7cac94"
                    ]
                ],
                "1": [
                    [
                        {
                            "id": "apple_gpu_test",
                            "single_end": true
                        },
                        "apple_gpu_test_performance_metrics.json:md5,70e49bec4c02cb0ee8804d1fe133c46a"
                    ]
                ],
                "2": [
                    "versions.yml:md5,f81c1f8d6908d326e8eb3c9181dbc58f"
                ],
                "allocations": [
                    [
                        {
                            "id": "apple_gpu_test",
                            "single_end": true
                        },
                        "apple_gpu_test_optimal_allocation.json:md5,aa1715f097665eb36cfb391efa7cac94"
                    ]
                ],
                "performance_metrics": [
                    [
                        {
                            "id": "apple_gpu_test",
                            "single_end": true
                        },
                        "apple_gpu_test_performance_metrics.json:md5,70e49bec4c02cb0ee8804d1fe133c46a"
                    ]
                ],
                "versions": [
                    "versions.yml:md5,f81c1f8d6908d326e8eb3c9181dbc58f"
                ]
            }
        ],
        "meta": {
            "nf-test": "0.9.3",
            "nextflow": "25.10.3"
        },
        "timestamp": "2026-02-01T14:23:17.092534"
    },
    "Should optimize for low priority workload": {
        "content": [
            {
                "0": [
                    [
                        {
                            "id": "low_priority_test",
                            "single_end": true
                        },
                        "low_priority_test_optimal_allocation.json:md5,73ccf7c1cd285a6a20918ba88c2a89e6"
                    ]
                ],
                "1": [
                    [
                        {
                            "id": "low_priority_test",
                            "single_end": true
                        },
                        "low_priority_test_performance_metrics.json:md5,70e49bec4c02cb0ee8804d1fe133c46a"
                    ]
                ],
                "2": [
                    "versions.yml:md5,f81c1f8d6908d326e8eb3c9181dbc58f"
                ],
                "allocations": [
                    [
                        {
                            "id": "low_priority_test",
                            "single_end": true
                        },
                        "low_priority_test_optimal_allocation.json:md5,73ccf7c1cd285a6a20918ba88c2a89e6"
                    ]
                ],
                "performance_metrics": [
                    [
                        {
                            "id": "low_priority_test",
                            "single_end": true
                        },
                        "low_priority_test_performance_metrics.json:md5,70e49bec4c02cb0ee8804d1fe133c46a"
                    ]
                ],
                "versions": [
                    "versions.yml:md5,f81c1f8d6908d326e8eb3c9181dbc58f"
                ]
            }
        ],
        "meta": {
            "nf-test": "0.9.3",
            "nextflow": "25.10.3"
        },
        "timestamp": "2026-02-01T14:23:12.499225"
    },
    "Should optimize GPU-enabled workload": {
        "content": [
            {
                "0": [
                    [
                        {
                            "id": "gpu_optimization_test",
                            "single_end": true
                        },
                        "gpu_optimization_test_optimal_allocation.json:md5,331b808d103b7aca080cb7b59d8696a2"
                    ]
                ],
                "1": [
                    [
                        {
                            "id": "gpu_optimization_test",
                            "single_end": true
                        },
                        "gpu_optimization_test_performance_metrics.json:md5,70e49bec4c02cb0ee8804d1fe133c46a"
                    ]
                ],
                "2": [
                    "versions.yml:md5,f81c1f8d6908d326e8eb3c9181dbc58f"
                ],
                "allocations": [
                    [
                        {
                            "id": "gpu_optimization_test",
                            "single_end": true
                        },
                        "gpu_optimization_test_optimal_allocation.json:md5,331b808d103b7aca080cb7b59d8696a2"
                    ]
                ],
                "performance_metrics": [
                    [
                        {
                            "id": "gpu_optimization_test",
                            "single_end": true
                        },
                        "gpu_optimization_test_performance_metrics.json:md5,70e49bec4c02cb0ee8804d1fe133c46a"
                    ]
                ],
                "versions": [
                    "versions.yml:md5,f81c1f8d6908d326e8eb3c9181dbc58f"
                ]
            }
        ],
        "meta": {
            "nf-test": "0.9.3",
            "nextflow": "25.10.3"
        },
        "timestamp": "2026-02-01T14:23:03.482828"
    },
    "Should handle high priority workload optimization": {
        "content": [
            {
                "0": [
                    [
                        {
                            "id": "high_priority_test",
                            "single_end": true
                        },
                        "high_priority_test_optimal_allocation.json:md5,3378fa08959c186947e90318eaae62f0"
                    ]
                ],
                "1": [
                    [
                        {
                            "id": "high_priority_test",
                            "single_end": true
                        },
                        "high_priority_test_performance_metrics.json:md5,70e49bec4c02cb0ee8804d1fe133c46a"
                    ]
                ],
                "2": [
                    "versions.yml:md5,f81c1f8d6908d326e8eb3c9181dbc58f"
                ],
                "allocations": [
                    [
                        {
                            "id": "high_priority_test",
                            "single_end": true
                        },
                        "high_priority_test_optimal_allocation.json:md5,3378fa08959c186947e90318eaae62f0"
                    ]
                ],
                "performance_metrics": [
                    [
                        {
                            "id": "high_priority_test",
                            "single_end": true
                        },
                        "high_priority_test_performance_metrics.json:md5,70e49bec4c02cb0ee8804d1fe133c46a"
                    ]
                ],
                "versions": [
                    "versions.yml:md5,f81c1f8d6908d326e8eb3c9181dbc58f"
                ]
            }
        ],
        "meta": {
            "nf-test": "0.9.3",
            "nextflow": "25.10.3"
        },
        "timestamp": "2026-02-01T14:22:58.999754"
    },
    "Should optimize basic resource allocation": {
        "content": [
            {
                "0": [
                    [
                        {
                            "id": "basic_optimization_test",
                            "single_end": true
                        },
                        "basic_optimization_test_optimal_allocation.json:md5,c95a3d6f37a4f795c37678a89a721bb5"
                    ]
                ],
                "1": [
                    [
                        {
                            "id": "basic_optimization_test",
                            "single_end": true
                        },
                        "basic_optimization_test_performance_metrics.json:md5,70e49bec4c02cb0ee8804d1fe133c46a"
                    ]
                ],
                "2": [
                    "versions.yml:md5,f81c1f8d6908d326e8eb3c9181dbc58f"
                ],
                "allocations": [
                    [
                        {
                            "id": "basic_optimization_test",
                            "single_end": true
                        },
                        "basic_optimization_test_optimal_allocation.json:md5,c95a3d6f37a4f795c37678a89a721bb5"
                    ]
                ],
                "performance_metrics": [
                    [
                        {
                            "id": "basic_optimization_test",
                            "single_end": true
                        },
                        "basic_optimization_test_performance_metrics.json:md5,70e49bec4c02cb0ee8804d1fe133c46a"
                    ]
                ],
                "versions": [
                    "versions.yml:md5,f81c1f8d6908d326e8eb3c9181dbc58f"
                ]
            }
        ],
        "meta": {
            "nf-test": "0.9.3",
            "nextflow": "25.10.3"
        },
        "timestamp": "2026-02-01T14:22:54.365791"
    },
    "Should handle system under resource pressure": {
        "content": [
            {
                "0": [
                    [
                        {
                            "id": "pressure_test",
                            "single_end": true
                        },
                        "pressure_test_optimal_allocation.json:md5,e997fc9eaea6c3a160256cddea3d574e"
                    ]
                ],
                "1": [
                    [
                        {
                            "id": "pressure_test",
                            "single_end": true
                        },
                        "pressure_test_performance_metrics.json:md5,70e49bec4c02cb0ee8804d1fe133c46a"
                    ]
                ],
                "2": [
                    "versions.yml:md5,f81c1f8d6908d326e8eb3c9181dbc58f"
                ],
                "allocations": [
                    [
                        {
                            "id": "pressure_test",
                            "single_end": true
                        },
                        "pressure_test_optimal_allocation.json:md5,e997fc9eaea6c3a160256cddea3d574e"
                    ]
                ],
                "performance_metrics": [
                    [
                        {
                            "id": "pressure_test",
                            "single_end": true
                        },
                        "pressure_test_performance_metrics.json:md5,70e49bec4c02cb0ee8804d1fe133c46a"
                    ]
                ],
                "versions": [
                    "versions.yml:md5,f81c1f8d6908d326e8eb3c9181dbc58f"
                ]
            }
        ],
        "meta": {
            "nf-test": "0.9.3",
            "nextflow": "25.10.3"
        },
        "timestamp": "2026-02-01T14:23:07.948577"
    },
    "Should handle invalid predictions gracefully": {
        "content": [
            {
                "0": [
                    [
                        {
                            "id": "invalid_input_test",
                            "single_end": true
                        },
                        "invalid_input_test_optimal_allocation.json:md5,c655f32b706710bd864ee34b3b0f5394"
                    ]
                ],
                "1": [
                    [
                        {
                            "id": "invalid_input_test",
                            "single_end": true
                        },
                        "invalid_input_test_performance_metrics.json:md5,70e49bec4c02cb0ee8804d1fe133c46a"
                    ]
                ],
                "2": [
                    "versions.yml:md5,f81c1f8d6908d326e8eb3c9181dbc58f"
                ],
                "allocations": [
                    [
                        {
                            "id": "invalid_input_test",
                            "single_end": true
                        },
                        "invalid_input_test_optimal_allocation.json:md5,c655f32b706710bd864ee34b3b0f5394"
                    ]
                ],
                "performance_metrics": [
                    [
                        {
                            "id": "invalid_input_test",
                            "single_end": true
                        },
                        "invalid_input_test_performance_metrics.json:md5,70e49bec4c02cb0ee8804d1fe133c46a"
                    ]
                ],
                "versions": [
                    "versions.yml:md5,f81c1f8d6908d326e8eb3c9181dbc58f"
                ]
            }
        ],
        "meta": {
            "nf-test": "0.9.3",
            "nextflow": "25.10.3"
        },
        "timestamp": "2026-02-01T14:23:21.628677"
    }
}