{
    "Should load high throughput profile": {
        "content": [
            {
                "0": [
                    "optimization_profiles.json:md5,0a37e698c992e75ce117398ab5efd720"
                ],
                "1": [
                    "active_profile.json:md5,60880e0e92dc6a6c90d0edf826b471fc"
                ],
                "2": [
                    "versions.yml:md5,c48f91654c703d4b343a446030a8fdd2"
                ],
                "active_profile": [
                    "active_profile.json:md5,60880e0e92dc6a6c90d0edf826b471fc"
                ],
                "profiles": [
                    "optimization_profiles.json:md5,0a37e698c992e75ce117398ab5efd720"
                ],
                "versions": [
                    "versions.yml:md5,c48f91654c703d4b343a446030a8fdd2"
                ]
            }
        ],
        "meta": {
            "nf-test": "0.9.3",
            "nextflow": "25.10.3"
        },
        "timestamp": "2026-02-01T14:24:34.639562"
    },
    "Should load auto profile": {
        "content": [
            {
                "0": [
                    "optimization_profiles.json:md5,0a37e698c992e75ce117398ab5efd720"
                ],
                "1": [
                    "active_profile.json:md5,60880e0e92dc6a6c90d0edf826b471fc"
                ],
                "2": [
                    "versions.yml:md5,c48f91654c703d4b343a446030a8fdd2"
                ],
                "active_profile": [
                    "active_profile.json:md5,60880e0e92dc6a6c90d0edf826b471fc"
                ],
                "profiles": [
                    "optimization_profiles.json:md5,0a37e698c992e75ce117398ab5efd720"
                ],
                "versions": [
                    "versions.yml:md5,c48f91654c703d4b343a446030a8fdd2"
                ]
            }
        ],
        "meta": {
            "nf-test": "0.9.3",
            "nextflow": "25.10.3"
        },
        "timestamp": "2026-02-01T14:24:39.147393"
    }
}