{
    "sarscov2 illumina single end [fastq] + save_reads_assignment - stub": {
        "content": [
            {
                "0": [
                    
                ],
                "1": [
                    
                ],
                "2": [
                    [
                        {
                            "id": "test",
                            "single_end": true
                        },
                        "test.kraken2.classifiedreads.txt:md5,d41d8cd98f00b204e9800998ecf8427e"
                    ]
                ],
                "3": [
                    [
                        {
                            "id": "test",
                            "single_end": true
                        },
                        "test.kraken2.report.txt:md5,d41d8cd98f00b204e9800998ecf8427e"
                    ]
                ],
                "4": [
                    "versions.yml:md5,79adf2ca1cfc625cb77e391b27142c43"
                ],
                "classified_reads_assignment": [
                    [
                        {
                            "id": "test",
                            "single_end": true
                        },
                        "test.kraken2.classifiedreads.txt:md5,d41d8cd98f00b204e9800998ecf8427e"
                    ]
                ],
                "classified_reads_fastq": [
                    
                ],
                "report": [
                    [
                        {
                            "id": "test",
                            "single_end": true
                        },
                        "test.kraken2.report.txt:md5,d41d8cd98f00b204e9800998ecf8427e"
                    ]
                ],
                "unclassified_reads_fastq": [
                    
                ],
                "versions": [
                    "versions.yml:md5,79adf2ca1cfc625cb77e391b27142c43"
                ]
            }
        ],
        "timestamp": "2026-03-23T22:36:29.251885",
        "meta": {
            "nf-test": "0.9.4",
            "nextflow": "25.10.4"
        }
    },
    "sarscov2 illumina single end [fastq] - stub": {
        "content": [
            {
                "0": [
                    [
                        {
                            "id": "test",
                            "single_end": true
                        },
                        "/Users/andreassjodin/Code/nanometanf/.claude/worktrees/fix-take-barcode-skipping/.nf-test/tests/3eb111969d857f30602f6a895a15fd56/work/0a/cfcb1b3fa1c6cded05bbb41f3d8185/test.classified.fastq.gz"
                    ]
                ],
                "1": [
                    [
                        {
                            "id": "test",
                            "single_end": true
                        },
                        "/Users/andreassjodin/Code/nanometanf/.claude/worktrees/fix-take-barcode-skipping/.nf-test/tests/3eb111969d857f30602f6a895a15fd56/work/0a/cfcb1b3fa1c6cded05bbb41f3d8185/test.unclassified.fastq.gz"
                    ]
                ],
                "2": [
                    
                ],
                "3": [
                    [
                        {
                            "id": "test",
                            "single_end": true
                        },
                        "test.kraken2.report.txt:md5,d41d8cd98f00b204e9800998ecf8427e"
                    ]
                ],
                "4": [
                    "versions.yml:md5,79adf2ca1cfc625cb77e391b27142c43"
                ],
                "classified_reads_assignment": [
                    
                ],
                "classified_reads_fastq": [
                    [
                        {
                            "id": "test",
                            "single_end": true
                        },
                        "/Users/andreassjodin/Code/nanometanf/.claude/worktrees/fix-take-barcode-skipping/.nf-test/tests/3eb111969d857f30602f6a895a15fd56/work/0a/cfcb1b3fa1c6cded05bbb41f3d8185/test.classified.fastq.gz"
                    ]
                ],
                "report": [
                    [
                        {
                            "id": "test",
                            "single_end": true
                        },
                        "test.kraken2.report.txt:md5,d41d8cd98f00b204e9800998ecf8427e"
                    ]
                ],
                "unclassified_reads_fastq": [
                    [
                        {
                            "id": "test",
                            "single_end": true
                        },
                        "/Users/andreassjodin/Code/nanometanf/.claude/worktrees/fix-take-barcode-skipping/.nf-test/tests/3eb111969d857f30602f6a895a15fd56/work/0a/cfcb1b3fa1c6cded05bbb41f3d8185/test.unclassified.fastq.gz"
                    ]
                ],
                "versions": [
                    "versions.yml:md5,79adf2ca1cfc625cb77e391b27142c43"
                ]
            }
        ],
        "timestamp": "2026-03-24T05:25:39.247336",
        "meta": {
            "nf-test": "0.9.4",
            "nextflow": "25.10.4"
        }
    },
    "sarscov2 illumina paired end [fastq] - stub": {
        "content": [
            {
                "0": [
                    [
                        {
                            "id": "test",
                            "single_end": false
                        },
                        [
                            "/Users/andreassjodin/Code/nanometanf/.claude/worktrees/fix-take-barcode-skipping/.nf-test/tests/40eb3978f43197dfca527e80e6010468/work/c2/900062366eee43d7900aaaa541a62f/test.classified_1.fastq.gz",
                            "/Users/andreassjodin/Code/nanometanf/.claude/worktrees/fix-take-barcode-skipping/.nf-test/tests/40eb3978f43197dfca527e80e6010468/work/c2/900062366eee43d7900aaaa541a62f/test.classified_2.fastq.gz"
                        ]
                    ]
                ],
                "1": [
                    [
                        {
                            "id": "test",
                            "single_end": false
                        },
                        [
                            "/Users/andreassjodin/Code/nanometanf/.claude/worktrees/fix-take-barcode-skipping/.nf-test/tests/40eb3978f43197dfca527e80e6010468/work/c2/900062366eee43d7900aaaa541a62f/test.unclassified_1.fastq.gz",
                            "/Users/andreassjodin/Code/nanometanf/.claude/worktrees/fix-take-barcode-skipping/.nf-test/tests/40eb3978f43197dfca527e80e6010468/work/c2/900062366eee43d7900aaaa541a62f/test.unclassified_2.fastq.gz"
                        ]
                    ]
                ],
                "2": [
                    
                ],
                "3": [
                    [
                        {
                            "id": "test",
                            "single_end": false
                        },
                        "test.kraken2.report.txt:md5,d41d8cd98f00b204e9800998ecf8427e"
                    ]
                ],
                "4": [
                    "versions.yml:md5,79adf2ca1cfc625cb77e391b27142c43"
                ],
                "classified_reads_assignment": [
                    
                ],
                "classified_reads_fastq": [
                    [
                        {
                            "id": "test",
                            "single_end": false
                        },
                        [
                            "/Users/andreassjodin/Code/nanometanf/.claude/worktrees/fix-take-barcode-skipping/.nf-test/tests/40eb3978f43197dfca527e80e6010468/work/c2/900062366eee43d7900aaaa541a62f/test.classified_1.fastq.gz",
                            "/Users/andreassjodin/Code/nanometanf/.claude/worktrees/fix-take-barcode-skipping/.nf-test/tests/40eb3978f43197dfca527e80e6010468/work/c2/900062366eee43d7900aaaa541a62f/test.classified_2.fastq.gz"
                        ]
                    ]
                ],
                "report": [
                    [
                        {
                            "id": "test",
                            "single_end": false
                        },
                        "test.kraken2.report.txt:md5,d41d8cd98f00b204e9800998ecf8427e"
                    ]
                ],
                "unclassified_reads_fastq": [
                    [
                        {
                            "id": "test",
                            "single_end": false
                        },
                        [
                            "/Users/andreassjodin/Code/nanometanf/.claude/worktrees/fix-take-barcode-skipping/.nf-test/tests/40eb3978f43197dfca527e80e6010468/work/c2/900062366eee43d7900aaaa541a62f/test.unclassified_1.fastq.gz",
                            "/Users/andreassjodin/Code/nanometanf/.claude/worktrees/fix-take-barcode-skipping/.nf-test/tests/40eb3978f43197dfca527e80e6010468/work/c2/900062366eee43d7900aaaa541a62f/test.unclassified_2.fastq.gz"
                        ]
                    ]
                ],
                "versions": [
                    "versions.yml:md5,79adf2ca1cfc625cb77e391b27142c43"
                ]
            }
        ],
        "timestamp": "2026-03-24T05:25:45.437048",
        "meta": {
            "nf-test": "0.9.4",
            "nextflow": "25.10.4"
        }
    }
}