{
    "sarscov2 illumina single end [fastq] + save_reads_assignment - stub": {
        "content": [
            {
                "versions_kraken2": [
                    [
                        "KRAKEN2_KRAKEN2",
                        "kraken2",
                        "2.1.6"
                    ]
                ],
                "versions_pigz": [
                    [
                        "KRAKEN2_KRAKEN2",
                        "pigz",
                        "2.8"
                    ]
                ]
            }
        ],
        "timestamp": "2026-04-27T20:47:46.810355",
        "meta": {
            "nf-test": "0.9.5",
            "nextflow": "25.04.7"
        }
    },
    "sarscov2 illumina single end [fastq] - stub": {
        "content": [
            {
                "versions_kraken2": [
                    [
                        "KRAKEN2_KRAKEN2",
                        "kraken2",
                        "2.1.6"
                    ]
                ],
                "versions_pigz": [
                    [
                        "KRAKEN2_KRAKEN2",
                        "pigz",
                        "2.8"
                    ]
                ]
            }
        ],
        "timestamp": "2026-04-27T20:46:39.026313",
        "meta": {
            "nf-test": "0.9.5",
            "nextflow": "25.04.7"
        }
    },
    "sarscov2 illumina paired end [fastq] - stub": {
        "content": [
            {
                "versions_kraken2": [
                    [
                        "KRAKEN2_KRAKEN2",
                        "kraken2",
                        "2.1.6"
                    ]
                ],
                "versions_pigz": [
                    [
                        "KRAKEN2_KRAKEN2",
                        "pigz",
                        "2.8"
                    ]
                ]
            }
        ],
        "timestamp": "2026-04-27T20:47:13.027483",
        "meta": {
            "nf-test": "0.9.5",
            "nextflow": "25.04.7"
        }
    }
}