{
    "nanoplot_compare - stub run": {
        "content": [
            {
                "0": [
                    [
                        "LengthvsQualityScatterPlot_dot.html:md5,d41d8cd98f00b204e9800998ecf8427e",
                        "LengthvsQualityScatterPlot_kde.html:md5,d41d8cd98f00b204e9800998ecf8427e",
                        "NanoPlot-report.html:md5,d41d8cd98f00b204e9800998ecf8427e",
                        "NanoStats.txt:md5,d41d8cd98f00b204e9800998ecf8427e",
                        "Non_weightedHistogramReadlength.html:md5,d41d8cd98f00b204e9800998ecf8427e",
                        "Non_weightedLogTransformed_HistogramReadlength.html:md5,d41d8cd98f00b204e9800998ecf8427e",
                        "WeightedHistogramReadlength.html:md5,d41d8cd98f00b204e9800998ecf8427e",
                        "WeightedLogTransformed_HistogramReadlength.html:md5,d41d8cd98f00b204e9800998ecf8427e",
                        "Yield_By_Length.html:md5,d41d8cd98f00b204e9800998ecf8427e"
                    ]
                ],
                "1": [
                    [
                        "LengthvsQualityScatterPlot_dot.html:md5,d41d8cd98f00b204e9800998ecf8427e",
                        "LengthvsQualityScatterPlot_kde.html:md5,d41d8cd98f00b204e9800998ecf8427e",
                        "NanoPlot-report.html:md5,d41d8cd98f00b204e9800998ecf8427e",
                        "Non_weightedHistogramReadlength.html:md5,d41d8cd98f00b204e9800998ecf8427e",
                        "Non_weightedLogTransformed_HistogramReadlength.html:md5,d41d8cd98f00b204e9800998ecf8427e",
                        "WeightedHistogramReadlength.html:md5,d41d8cd98f00b204e9800998ecf8427e",
                        "WeightedLogTransformed_HistogramReadlength.html:md5,d41d8cd98f00b204e9800998ecf8427e",
                        "Yield_By_Length.html:md5,d41d8cd98f00b204e9800998ecf8427e"
                    ]
                ],
                "2": [
                    
                ],
                "3": [
                    "NanoStats.txt:md5,d41d8cd98f00b204e9800998ecf8427e"
                ],
                "4": [
                    "versions.yml:md5,740b4d74632f7e489ed6a415a3341f4e"
                ],
                "comparison_dir": [
                    [
                        "LengthvsQualityScatterPlot_dot.html:md5,d41d8cd98f00b204e9800998ecf8427e",
                        "LengthvsQualityScatterPlot_kde.html:md5,d41d8cd98f00b204e9800998ecf8427e",
                        "NanoPlot-report.html:md5,d41d8cd98f00b204e9800998ecf8427e",
                        "NanoStats.txt:md5,d41d8cd98f00b204e9800998ecf8427e",
                        "Non_weightedHistogramReadlength.html:md5,d41d8cd98f00b204e9800998ecf8427e",
                        "Non_weightedLogTransformed_HistogramReadlength.html:md5,d41d8cd98f00b204e9800998ecf8427e",
                        "WeightedHistogramReadlength.html:md5,d41d8cd98f00b204e9800998ecf8427e",
                        "WeightedLogTransformed_HistogramReadlength.html:md5,d41d8cd98f00b204e9800998ecf8427e",
                        "Yield_By_Length.html:md5,d41d8cd98f00b204e9800998ecf8427e"
                    ]
                ],
                "html": [
                    [
                        "LengthvsQualityScatterPlot_dot.html:md5,d41d8cd98f00b204e9800998ecf8427e",
                        "LengthvsQualityScatterPlot_kde.html:md5,d41d8cd98f00b204e9800998ecf8427e",
                        "NanoPlot-report.html:md5,d41d8cd98f00b204e9800998ecf8427e",
                        "Non_weightedHistogramReadlength.html:md5,d41d8cd98f00b204e9800998ecf8427e",
                        "Non_weightedLogTransformed_HistogramReadlength.html:md5,d41d8cd98f00b204e9800998ecf8427e",
                        "WeightedHistogramReadlength.html:md5,d41d8cd98f00b204e9800998ecf8427e",
                        "WeightedLogTransformed_HistogramReadlength.html:md5,d41d8cd98f00b204e9800998ecf8427e",
                        "Yield_By_Length.html:md5,d41d8cd98f00b204e9800998ecf8427e"
                    ]
                ],
                "png": [
                    
                ],
                "txt": [
                    "NanoStats.txt:md5,d41d8cd98f00b204e9800998ecf8427e"
                ],
                "versions": [
                    "versions.yml:md5,740b4d74632f7e489ed6a415a3341f4e"
                ]
            }
        ],
        "meta": {
            "nf-test": "0.9.3",
            "nextflow": "25.10.3"
        },
        "timestamp": "2026-02-03T09:19:35.641526"
    }
}