{
    "sarscov2 nanopore [fastq]": {
        "content": [
            [
                [
                    {
                        "id": "test",
                        "single_end": false
                    },
                    "test.filtlong.fastq.gz:md5,7567d853ada6ac142332619d0b541d76"
                ]
            ],
            [
                "versions.yml:md5,af5988f30157282acdb0ac50ebb4c8cc"
            ]
        ],
        "timestamp": "2026-04-27T19:48:32.716663",
        "meta": {
            "nf-test": "0.9.5",
            "nextflow": "25.04.7"
        }
    },
    "sarscov2 nanopore [fastq] + Illumina paired-end [fastq]": {
        "content": [
            [
                [
                    {
                        "id": "test",
                        "single_end": false
                    },
                    "test.filtlong.fastq.gz:md5,7567d853ada6ac142332619d0b541d76"
                ]
            ],
            [
                "versions.yml:md5,af5988f30157282acdb0ac50ebb4c8cc"
            ]
        ],
        "timestamp": "2026-04-27T19:49:03.350674",
        "meta": {
            "nf-test": "0.9.5",
            "nextflow": "25.04.7"
        }
    },
    "sarscov2 nanopore [fastq] + Illumina single-end [fastq]": {
        "content": [
            [
                [
                    {
                        "id": "test",
                        "single_end": true
                    },
                    "test.filtlong.fastq.gz:md5,7567d853ada6ac142332619d0b541d76"
                ]
            ],
            [
                "versions.yml:md5,af5988f30157282acdb0ac50ebb4c8cc"
            ]
        ],
        "timestamp": "2026-04-27T19:48:47.936054",
        "meta": {
            "nf-test": "0.9.5",
            "nextflow": "25.04.7"
        }
    }
}