{
    "Should handle aggressive resource scaling": {
        "content": [
            {
                "0": [
                    
                ],
                "1": [
                    
                ],
                "config": [
                    
                ],
                "versions": [
                    
                ]
            }
        ],
        "meta": {
            "nf-test": "0.9.3",
            "nextflow": "25.10.3"
        },
        "timestamp": "2026-02-01T14:19:00.505277"
    },
    "Should handle GPU resource allocation": {
        "content": [
            {
                "0": [
                    
                ],
                "1": [
                    
                ],
                "config": [
                    
                ],
                "versions": [
                    
                ]
            }
        ],
        "meta": {
            "nf-test": "0.9.3",
            "nextflow": "25.10.3"
        },
        "timestamp": "2026-02-01T14:19:09.308493"
    },
    "Should generate conservative resource allocation": {
        "content": [
            {
                "0": [
                    
                ],
                "1": [
                    
                ],
                "config": [
                    
                ],
                "versions": [
                    
                ]
            }
        ],
        "meta": {
            "nf-test": "0.9.3",
            "nextflow": "25.10.3"
        },
        "timestamp": "2026-02-01T14:19:13.714887"
    },
    "Should apply basic resource adjustments": {
        "content": [
            {
                "0": [
                    
                ],
                "1": [
                    
                ],
                "config": [
                    
                ],
                "versions": [
                    
                ]
            }
        ],
        "meta": {
            "nf-test": "0.9.3",
            "nextflow": "25.10.3"
        },
        "timestamp": "2026-02-01T14:18:56.099144"
    },
    "Should respect system resource limits": {
        "content": [
            {
                "0": [
                    
                ],
                "1": [
                    
                ],
                "config": [
                    
                ],
                "versions": [
                    
                ]
            }
        ],
        "meta": {
            "nf-test": "0.9.3",
            "nextflow": "25.10.3"
        },
        "timestamp": "2026-02-01T14:19:04.866947"
    },
    "Should handle invalid or malformed recommendations": {
        "content": [
            {
                "0": [
                    
                ],
                "1": [
                    
                ],
                "config": [
                    
                ],
                "versions": [
                    
                ]
            }
        ],
        "meta": {
            "nf-test": "0.9.3",
            "nextflow": "25.10.3"
        },
        "timestamp": "2026-02-01T14:19:18.205758"
    }
}