{
    "Should handle multiple directories and high priority files": {
        "content": [
            {
                "0": [
                    [
                        {
                            "batch_id": "batch_multi",
                            "batch_timestamp": 1640995800000,
                            "batch_time": "2022-01-01T00:10:00Z"
                        },
                        "batch_multi_snapshot.json:md5,86d35ca2108055a251cdde9e7d5abf54"
                    ]
                ],
                "1": [
                    "versions.yml:md5,3369f5fa764333ad943f34b735ce08b2"
                ],
                "snapshot_stats": [
                    [
                        {
                            "batch_id": "batch_multi",
                            "batch_timestamp": 1640995800000,
                            "batch_time": "2022-01-01T00:10:00Z"
                        },
                        "batch_multi_snapshot.json:md5,86d35ca2108055a251cdde9e7d5abf54"
                    ]
                ],
                "versions": [
                    "versions.yml:md5,3369f5fa764333ad943f34b735ce08b2"
                ]
            }
        ],
        "meta": {
            "nf-test": "0.9.3",
            "nextflow": "25.10.3"
        },
        "timestamp": "2026-02-01T14:21:00.84964"
    },
    "Should generate basic snapshot statistics": {
        "content": [
            {
                "0": [
                    [
                        {
                            "batch_id": "batch_001",
                            "batch_timestamp": 1640995200000,
                            "batch_time": "2022-01-01T00:00:00Z"
                        },
                        "batch_001_snapshot.json:md5,2fd3bed1ca6015331fc73589c602bfcd"
                    ]
                ],
                "1": [
                    "versions.yml:md5,3369f5fa764333ad943f34b735ce08b2"
                ],
                "snapshot_stats": [
                    [
                        {
                            "batch_id": "batch_001",
                            "batch_timestamp": 1640995200000,
                            "batch_time": "2022-01-01T00:00:00Z"
                        },
                        "batch_001_snapshot.json:md5,2fd3bed1ca6015331fc73589c602bfcd"
                    ]
                ],
                "versions": [
                    "versions.yml:md5,3369f5fa764333ad943f34b735ce08b2"
                ]
            }
        ],
        "meta": {
            "nf-test": "0.9.3",
            "nextflow": "25.10.3"
        },
        "timestamp": "2026-02-01T14:20:52.024381"
    },
    "Should handle empty batch gracefully": {
        "content": [
            {
                "0": [
                    [
                        {
                            "batch_id": "batch_empty",
                            "batch_timestamp": 1640998800000,
                            "batch_time": "2022-01-01T01:00:00Z"
                        },
                        "batch_empty_snapshot.json:md5,d2cfad8bf2c0f93f5a04868f42f50dcd"
                    ]
                ],
                "1": [
                    "versions.yml:md5,3369f5fa764333ad943f34b735ce08b2"
                ],
                "snapshot_stats": [
                    [
                        {
                            "batch_id": "batch_empty",
                            "batch_timestamp": 1640998800000,
                            "batch_time": "2022-01-01T01:00:00Z"
                        },
                        "batch_empty_snapshot.json:md5,d2cfad8bf2c0f93f5a04868f42f50dcd"
                    ]
                ],
                "versions": [
                    "versions.yml:md5,3369f5fa764333ad943f34b735ce08b2"
                ]
            }
        ],
        "meta": {
            "nf-test": "0.9.3",
            "nextflow": "25.10.3"
        },
        "timestamp": "2026-02-01T14:20:56.364255"
    }
}