{
    "Should handle multiple directories and high priority files": {
        "content": [
            {
                "0": [
                    [
                        {
                            "batch_id": "batch_multi",
                            "batch_timestamp": 1640995800000,
                            "batch_time": "2022-01-01T00:10:00Z"
                        },
                        "batch_multi_snapshot.json:md5,26d9060a1b0b4f9060845b0fe3c20f04"
                    ]
                ],
                "1": [
                    "versions.yml:md5,c25402591477fbd4e217997985bd994f"
                ],
                "snapshot_stats": [
                    [
                        {
                            "batch_id": "batch_multi",
                            "batch_timestamp": 1640995800000,
                            "batch_time": "2022-01-01T00:10:00Z"
                        },
                        "batch_multi_snapshot.json:md5,26d9060a1b0b4f9060845b0fe3c20f04"
                    ]
                ],
                "versions": [
                    "versions.yml:md5,c25402591477fbd4e217997985bd994f"
                ]
            }
        ],
        "meta": {
            "nf-test": "0.9.2",
            "nextflow": "25.04.7"
        },
        "timestamp": "2025-10-03T09:21:37.386107"
    },
    "Should generate basic snapshot statistics": {
        "content": [
            {
                "0": [
                    [
                        {
                            "batch_id": "batch_001",
                            "batch_timestamp": 1640995200000,
                            "batch_time": "2022-01-01T00:00:00Z"
                        },
                        "batch_001_snapshot.json:md5,cce29b9398f7544d6d4e5e1e0a3d624f"
                    ]
                ],
                "1": [
                    "versions.yml:md5,c25402591477fbd4e217997985bd994f"
                ],
                "snapshot_stats": [
                    [
                        {
                            "batch_id": "batch_001",
                            "batch_timestamp": 1640995200000,
                            "batch_time": "2022-01-01T00:00:00Z"
                        },
                        "batch_001_snapshot.json:md5,cce29b9398f7544d6d4e5e1e0a3d624f"
                    ]
                ],
                "versions": [
                    "versions.yml:md5,c25402591477fbd4e217997985bd994f"
                ]
            }
        ],
        "meta": {
            "nf-test": "0.9.2",
            "nextflow": "25.04.7"
        },
        "timestamp": "2025-10-03T09:21:29.908353"
    },
    "Should handle empty batch gracefully": {
        "content": [
            {
                "0": [
                    [
                        {
                            "batch_id": "batch_empty",
                            "batch_timestamp": 1640998800000,
                            "batch_time": "2022-01-01T01:00:00Z"
                        },
                        "batch_empty_snapshot.json:md5,478e16eb52ca34cfc50726b162aa3936"
                    ]
                ],
                "1": [
                    "versions.yml:md5,c25402591477fbd4e217997985bd994f"
                ],
                "snapshot_stats": [
                    [
                        {
                            "batch_id": "batch_empty",
                            "batch_timestamp": 1640998800000,
                            "batch_time": "2022-01-01T01:00:00Z"
                        },
                        "batch_empty_snapshot.json:md5,478e16eb52ca34cfc50726b162aa3936"
                    ]
                ],
                "versions": [
                    "versions.yml:md5,c25402591477fbd4e217997985bd994f"
                ]
            }
        ],
        "meta": {
            "nf-test": "0.9.2",
            "nextflow": "25.04.7"
        },
        "timestamp": "2025-10-03T09:21:33.825701"
    }
}