{
    "blast_stub_versions": {
        "content": [
            [
                "versions.yml:md5,80fedc69631c0922af825f5f0299cf44"
            ]
        ],
        "timestamp": "2026-06-02T19:15:27.573072",
        "meta": {
            "nf-test": "0.9.5",
            "nextflow": "26.04.0"
        }
    },
    "minimap2_stub_versions": {
        "content": [
            [
                "versions.yml:md5,80fedc69631c0922af825f5f0299cf44"
            ]
        ],
        "timestamp": "2026-06-02T19:15:23.100748",
        "meta": {
            "nf-test": "0.9.5",
            "nextflow": "26.04.0"
        }
    }
}