{
    "multiqc_nanopore_stats - basic functionality": {
        "content": [
            {
                "0": [
                    [
                        "test_nanopore_multiqc_config_mqc.json:md5,d41d8cd98f00b204e9800998ecf8427e",
                        "test_nanopore_nanopore_stats_mqc.json:md5,d41d8cd98f00b204e9800998ecf8427e",
                        "test_nanopore_quality_mqc.json:md5,d41d8cd98f00b204e9800998ecf8427e",
                        "test_nanopore_read_length_mqc.json:md5,d41d8cd98f00b204e9800998ecf8427e"
                    ]
                ],
                "1": [
                    "versions.yml:md5,1b4d7d93c3fa0714da70cdd8b8c0ca6f"
                ],
                "multiqc_files": [
                    [
                        "test_nanopore_multiqc_config_mqc.json:md5,d41d8cd98f00b204e9800998ecf8427e",
                        "test_nanopore_nanopore_stats_mqc.json:md5,d41d8cd98f00b204e9800998ecf8427e",
                        "test_nanopore_quality_mqc.json:md5,d41d8cd98f00b204e9800998ecf8427e",
                        "test_nanopore_read_length_mqc.json:md5,d41d8cd98f00b204e9800998ecf8427e"
                    ]
                ],
                "versions": [
                    "versions.yml:md5,1b4d7d93c3fa0714da70cdd8b8c0ca6f"
                ]
            }
        ],
        "timestamp": "2026-03-23T16:07:44.467577",
        "meta": {
            "nf-test": "0.9.4",
            "nextflow": "25.10.4"
        }
    },
    "multiqc_nanopore_stats - with histogram data": {
        "content": [
            {
                "0": [
                    [
                        "histogram_test_multiqc_config_mqc.json:md5,d41d8cd98f00b204e9800998ecf8427e",
                        "histogram_test_nanopore_stats_mqc.json:md5,d41d8cd98f00b204e9800998ecf8427e",
                        "histogram_test_quality_mqc.json:md5,d41d8cd98f00b204e9800998ecf8427e",
                        "histogram_test_read_length_mqc.json:md5,d41d8cd98f00b204e9800998ecf8427e"
                    ]
                ],
                "1": [
                    "versions.yml:md5,1b4d7d93c3fa0714da70cdd8b8c0ca6f"
                ],
                "multiqc_files": [
                    [
                        "histogram_test_multiqc_config_mqc.json:md5,d41d8cd98f00b204e9800998ecf8427e",
                        "histogram_test_nanopore_stats_mqc.json:md5,d41d8cd98f00b204e9800998ecf8427e",
                        "histogram_test_quality_mqc.json:md5,d41d8cd98f00b204e9800998ecf8427e",
                        "histogram_test_read_length_mqc.json:md5,d41d8cd98f00b204e9800998ecf8427e"
                    ]
                ],
                "versions": [
                    "versions.yml:md5,1b4d7d93c3fa0714da70cdd8b8c0ca6f"
                ]
            }
        ],
        "timestamp": "2026-03-23T16:07:54.953139",
        "meta": {
            "nf-test": "0.9.4",
            "nextflow": "25.10.4"
        }
    },
    "multiqc_nanopore_stats - stub run": {
        "content": [
            {
                "0": [
                    [
                        "stub_test_multiqc_config_mqc.json:md5,d41d8cd98f00b204e9800998ecf8427e",
                        "stub_test_nanopore_stats_mqc.json:md5,d41d8cd98f00b204e9800998ecf8427e",
                        "stub_test_quality_mqc.json:md5,d41d8cd98f00b204e9800998ecf8427e",
                        "stub_test_read_length_mqc.json:md5,d41d8cd98f00b204e9800998ecf8427e"
                    ]
                ],
                "1": [
                    "versions.yml:md5,1b4d7d93c3fa0714da70cdd8b8c0ca6f"
                ],
                "multiqc_files": [
                    [
                        "stub_test_multiqc_config_mqc.json:md5,d41d8cd98f00b204e9800998ecf8427e",
                        "stub_test_nanopore_stats_mqc.json:md5,d41d8cd98f00b204e9800998ecf8427e",
                        "stub_test_quality_mqc.json:md5,d41d8cd98f00b204e9800998ecf8427e",
                        "stub_test_read_length_mqc.json:md5,d41d8cd98f00b204e9800998ecf8427e"
                    ]
                ],
                "versions": [
                    "versions.yml:md5,1b4d7d93c3fa0714da70cdd8b8c0ca6f"
                ]
            }
        ],
        "timestamp": "2026-03-23T16:08:00.02591",
        "meta": {
            "nf-test": "0.9.4",
            "nextflow": "25.10.4"
        }
    },
    "multiqc_nanopore_stats - empty stats list": {
        "content": [
            {
                "0": [
                    [
                        "empty_test_multiqc_config_mqc.json:md5,d41d8cd98f00b204e9800998ecf8427e",
                        "empty_test_nanopore_stats_mqc.json:md5,d41d8cd98f00b204e9800998ecf8427e",
                        "empty_test_quality_mqc.json:md5,d41d8cd98f00b204e9800998ecf8427e",
                        "empty_test_read_length_mqc.json:md5,d41d8cd98f00b204e9800998ecf8427e"
                    ]
                ],
                "1": [
                    "versions.yml:md5,1b4d7d93c3fa0714da70cdd8b8c0ca6f"
                ],
                "multiqc_files": [
                    [
                        "empty_test_multiqc_config_mqc.json:md5,d41d8cd98f00b204e9800998ecf8427e",
                        "empty_test_nanopore_stats_mqc.json:md5,d41d8cd98f00b204e9800998ecf8427e",
                        "empty_test_quality_mqc.json:md5,d41d8cd98f00b204e9800998ecf8427e",
                        "empty_test_read_length_mqc.json:md5,d41d8cd98f00b204e9800998ecf8427e"
                    ]
                ],
                "versions": [
                    "versions.yml:md5,1b4d7d93c3fa0714da70cdd8b8c0ca6f"
                ]
            }
        ],
        "timestamp": "2026-03-23T16:08:05.097942",
        "meta": {
            "nf-test": "0.9.4",
            "nextflow": "25.10.4"
        }
    },
    "multiqc_nanopore_stats - high quality reads": {
        "content": [
            {
                "0": [
                    [
                        "high_quality_test_multiqc_config_mqc.json:md5,d41d8cd98f00b204e9800998ecf8427e",
                        "high_quality_test_nanopore_stats_mqc.json:md5,d41d8cd98f00b204e9800998ecf8427e",
                        "high_quality_test_quality_mqc.json:md5,d41d8cd98f00b204e9800998ecf8427e",
                        "high_quality_test_read_length_mqc.json:md5,d41d8cd98f00b204e9800998ecf8427e"
                    ]
                ],
                "1": [
                    "versions.yml:md5,1b4d7d93c3fa0714da70cdd8b8c0ca6f"
                ],
                "multiqc_files": [
                    [
                        "high_quality_test_multiqc_config_mqc.json:md5,d41d8cd98f00b204e9800998ecf8427e",
                        "high_quality_test_nanopore_stats_mqc.json:md5,d41d8cd98f00b204e9800998ecf8427e",
                        "high_quality_test_quality_mqc.json:md5,d41d8cd98f00b204e9800998ecf8427e",
                        "high_quality_test_read_length_mqc.json:md5,d41d8cd98f00b204e9800998ecf8427e"
                    ]
                ],
                "versions": [
                    "versions.yml:md5,1b4d7d93c3fa0714da70cdd8b8c0ca6f"
                ]
            }
        ],
        "timestamp": "2026-03-23T16:08:10.14121",
        "meta": {
            "nf-test": "0.9.4",
            "nextflow": "25.10.4"
        }
    },
    "multiqc_nanopore_stats - single sample": {
        "content": [
            {
                "0": [
                    [
                        "single_test_multiqc_config_mqc.json:md5,d41d8cd98f00b204e9800998ecf8427e",
                        "single_test_nanopore_stats_mqc.json:md5,d41d8cd98f00b204e9800998ecf8427e",
                        "single_test_quality_mqc.json:md5,d41d8cd98f00b204e9800998ecf8427e",
                        "single_test_read_length_mqc.json:md5,d41d8cd98f00b204e9800998ecf8427e"
                    ]
                ],
                "1": [
                    "versions.yml:md5,1b4d7d93c3fa0714da70cdd8b8c0ca6f"
                ],
                "multiqc_files": [
                    [
                        "single_test_multiqc_config_mqc.json:md5,d41d8cd98f00b204e9800998ecf8427e",
                        "single_test_nanopore_stats_mqc.json:md5,d41d8cd98f00b204e9800998ecf8427e",
                        "single_test_quality_mqc.json:md5,d41d8cd98f00b204e9800998ecf8427e",
                        "single_test_read_length_mqc.json:md5,d41d8cd98f00b204e9800998ecf8427e"
                    ]
                ],
                "versions": [
                    "versions.yml:md5,1b4d7d93c3fa0714da70cdd8b8c0ca6f"
                ]
            }
        ],
        "timestamp": "2026-03-23T16:07:49.668116",
        "meta": {
            "nf-test": "0.9.4",
            "nextflow": "25.10.4"
        }
    }
}