{
    "multiqc_nanopore_stats - stub run": {
        "content": [
            {
                "0": [
                    [
                        "stub_test_nanopore_stats_mqc.json:md5,d41d8cd98f00b204e9800998ecf8427e",
                        "stub_test_quality_mqc.json:md5,d41d8cd98f00b204e9800998ecf8427e"
                    ]
                ],
                "1": [
                    "versions.yml:md5,1b4d7d93c3fa0714da70cdd8b8c0ca6f"
                ],
                "multiqc_files": [
                    [
                        "stub_test_nanopore_stats_mqc.json:md5,d41d8cd98f00b204e9800998ecf8427e",
                        "stub_test_quality_mqc.json:md5,d41d8cd98f00b204e9800998ecf8427e"
                    ]
                ],
                "versions": [
                    "versions.yml:md5,1b4d7d93c3fa0714da70cdd8b8c0ca6f"
                ]
            }
        ],
        "timestamp": "2026-04-26T21:56:12.747659",
        "meta": {
            "nf-test": "0.9.4",
            "nextflow": "25.04.7"
        }
    },
    "multiqc_nanopore_stats - empty stats list": {
        "content": [
            {
                "0": [
                    [
                        "empty_test_nanopore_stats_mqc.json:md5,f044181266f41b6afbbba1fc818f46ae",
                        "empty_test_quality_mqc.json:md5,44271dbb9465e4a9e6053c1851cb26b3"
                    ]
                ],
                "1": [
                    "versions.yml:md5,eb463e862641578c331b4ec987ae0a08"
                ],
                "multiqc_files": [
                    [
                        "empty_test_nanopore_stats_mqc.json:md5,f044181266f41b6afbbba1fc818f46ae",
                        "empty_test_quality_mqc.json:md5,44271dbb9465e4a9e6053c1851cb26b3"
                    ]
                ],
                "versions": [
                    "versions.yml:md5,eb463e862641578c331b4ec987ae0a08"
                ]
            }
        ],
        "timestamp": "2026-04-26T21:56:36.740554",
        "meta": {
            "nf-test": "0.9.4",
            "nextflow": "25.04.7"
        }
    },
    "multiqc_nanopore_stats - single sample (SeqKit TSV)": {
        "content": [
            {
                "0": [
                    [
                        "single_test_nanopore_stats_mqc.json:md5,6271d6346d470747fee10e7e16971bcf",
                        "single_test_quality_mqc.json:md5,217e93a66dda2dea82f915ba4781867b"
                    ]
                ],
                "1": [
                    "versions.yml:md5,eb463e862641578c331b4ec987ae0a08"
                ],
                "multiqc_files": [
                    [
                        "single_test_nanopore_stats_mqc.json:md5,6271d6346d470747fee10e7e16971bcf",
                        "single_test_quality_mqc.json:md5,217e93a66dda2dea82f915ba4781867b"
                    ]
                ],
                "versions": [
                    "versions.yml:md5,eb463e862641578c331b4ec987ae0a08"
                ]
            }
        ],
        "timestamp": "2026-04-26T21:55:25.369827",
        "meta": {
            "nf-test": "0.9.4",
            "nextflow": "25.04.7"
        }
    },
    "multiqc_nanopore_stats - high quality reads": {
        "content": [
            {
                "0": [
                    [
                        "high_quality_test_nanopore_stats_mqc.json:md5,cf0f18cae9d1a70da21f1f8d2e8ae762",
                        "high_quality_test_quality_mqc.json:md5,04a3511bbdabd4513fd86311db4a4a61"
                    ]
                ],
                "1": [
                    "versions.yml:md5,eb463e862641578c331b4ec987ae0a08"
                ],
                "multiqc_files": [
                    [
                        "high_quality_test_nanopore_stats_mqc.json:md5,cf0f18cae9d1a70da21f1f8d2e8ae762",
                        "high_quality_test_quality_mqc.json:md5,04a3511bbdabd4513fd86311db4a4a61"
                    ]
                ],
                "versions": [
                    "versions.yml:md5,eb463e862641578c331b4ec987ae0a08"
                ]
            }
        ],
        "timestamp": "2026-04-26T21:57:00.404592",
        "meta": {
            "nf-test": "0.9.4",
            "nextflow": "25.04.7"
        }
    },
    "multiqc_nanopore_stats - basic functionality (two SeqKit TSV samples)": {
        "content": [
            {
                "0": [
                    [
                        "test_nanopore_nanopore_stats_mqc.json:md5,d01148261b6a2465e019d07dcfa9ee1d",
                        "test_nanopore_quality_mqc.json:md5,c1312b1bdedf9910a5d719a4fdd8c1ab"
                    ]
                ],
                "1": [
                    "versions.yml:md5,eb463e862641578c331b4ec987ae0a08"
                ],
                "multiqc_files": [
                    [
                        "test_nanopore_nanopore_stats_mqc.json:md5,d01148261b6a2465e019d07dcfa9ee1d",
                        "test_nanopore_quality_mqc.json:md5,c1312b1bdedf9910a5d719a4fdd8c1ab"
                    ]
                ],
                "versions": [
                    "versions.yml:md5,eb463e862641578c331b4ec987ae0a08"
                ]
            }
        ],
        "timestamp": "2026-04-26T21:55:01.883093",
        "meta": {
            "nf-test": "0.9.4",
            "nextflow": "25.04.7"
        }
    },
    "multiqc_nanopore_stats - FASTP JSON input": {
        "content": [
            {
                "0": [
                    [
                        "fastp_test_nanopore_stats_mqc.json:md5,48193a1497c5c1963bc68e29e80e00de",
                        "fastp_test_quality_mqc.json:md5,2e30182c912fb2283941224e17d98a3e"
                    ]
                ],
                "1": [
                    "versions.yml:md5,eb463e862641578c331b4ec987ae0a08"
                ],
                "multiqc_files": [
                    [
                        "fastp_test_nanopore_stats_mqc.json:md5,48193a1497c5c1963bc68e29e80e00de",
                        "fastp_test_quality_mqc.json:md5,2e30182c912fb2283941224e17d98a3e"
                    ]
                ],
                "versions": [
                    "versions.yml:md5,eb463e862641578c331b4ec987ae0a08"
                ]
            }
        ],
        "timestamp": "2026-04-26T21:55:49.159604",
        "meta": {
            "nf-test": "0.9.4",
            "nextflow": "25.04.7"
        }
    }
}